../Application/User/TetrisEngine.c:150:13:shuffleBag	24	static
../Application/User/TetrisEngine.c:132:5:TetrisEngine_GetCurrentTetrominoIdx	0	static
../Application/User/TetrisEngine.c:135:5:TetrisEngine_GetCurrentRotation	0	static
../Application/User/TetrisEngine.c:138:5:TetrisEngine_GetCurrentX	0	static
../Application/User/TetrisEngine.c:141:5:TetrisEngine_GetCurrentY	0	static
../Application/User/TetrisEngine.c:145:10:TetrisEngine_GetScore	0	static
../Application/User/TetrisEngine.c:146:6:TetrisEngine_IsGameOver	0	static
../Application/User/TetrisEngine.c:147:6:TetrisEngine_IsGameOngoing	0	static
../Application/User/TetrisEngine.c:148:5:TetrisEngine_GetNextIndex	0	static
../Application/User/TetrisEngine.c:198:5:rotate	0	static
../Application/User/TetrisEngine.c:184:13:validPos	48	static
../Application/User/TetrisEngine.c:171:13:newTetromino	16	static
../Application/User/TetrisEngine.c:48:6:TetrisEngine_Init	8	static
../Application/User/TetrisEngine.c:71:6:TetrisEngine_OnButtonPress	16	static
../Application/User/TetrisEngine.c:61:6:TetrisEngine_Update	48	static
../Application/User/TetrisEngine.c:102:17:TetrisEngine_GetArena	48	static
../Application/User/TetrisEngine.c:252:10:TetrisEngine_GetLevel	0	static
../Application/User/TetrisEngine.c:261:10:TetrisEngine_GetDropDelay	8	static
../Application/User/TetrisEngine.c:278:6:TetrisEngine_SaveState	8	static
../Application/User/TetrisEngine.c:313:6:TetrisEngine_SetShouldLoad	0	static
../Application/User/TetrisEngine.c:317:6:TetrisEngine_HasValidSave	8	static
../Application/User/TetrisEngine.c:299:6:TetrisEngine_LoadState	8	static
../Application/User/TetrisEngine.c:331:6:EnterName_Init	0	static
../Application/User/TetrisEngine.c:337:6:isNameComplete	0	static
../Application/User/TetrisEngine.c:344:6:EnterName_HandleButton	0	static
