../Application/User/TetrisEngine.c:151:13:shuffleBag	24	static
../Application/User/TetrisEngine.c:133:8:TetrisEngine_GetCurrentTetrominoIdx	0	static
../Application/User/TetrisEngine.c:136:8:TetrisEngine_GetCurrentRotation	0	static
../Application/User/TetrisEngine.c:139:8:TetrisEngine_GetCurrentX	0	static
../Application/User/TetrisEngine.c:142:8:TetrisEngine_GetCurrentY	0	static
../Application/User/TetrisEngine.c:146:10:TetrisEngine_GetScore	0	static
../Application/User/TetrisEngine.c:147:6:TetrisEngine_IsGameOver	0	static
../Application/User/TetrisEngine.c:148:6:TetrisEngine_IsGameOngoing	0	static
../Application/User/TetrisEngine.c:149:8:TetrisEngine_GetNextIndex	0	static
../Application/User/TetrisEngine.c:199:5:rotate	0	static
../Application/User/TetrisEngine.c:185:13:validPos	48	static
../Application/User/TetrisEngine.c:172:13:newTetromino	16	static
../Application/User/TetrisEngine.c:49:6:TetrisEngine_Init	8	static
../Application/User/TetrisEngine.c:72:6:TetrisEngine_OnButtonPress	16	static
../Application/User/TetrisEngine.c:62:6:TetrisEngine_Update	40	static
../Application/User/TetrisEngine.c:103:17:TetrisEngine_GetArena	48	static
../Application/User/TetrisEngine.c:253:10:TetrisEngine_GetLevel	0	static
../Application/User/TetrisEngine.c:262:10:TetrisEngine_GetDropDelay	8	static
../Application/User/TetrisEngine.c:279:6:TetrisEngine_SaveState	8	static
../Application/User/TetrisEngine.c:314:6:TetrisEngine_SetShouldLoad	0	static
../Application/User/TetrisEngine.c:318:6:TetrisEngine_HasValidSave	8	static
../Application/User/TetrisEngine.c:300:6:TetrisEngine_LoadState	8	static
../Application/User/TetrisEngine.c:332:6:EnterName_SetNameFlag	0	static
../Application/User/TetrisEngine.c:336:6:EnterName_Init	0	static
../Application/User/TetrisEngine.c:343:6:EnterName_GetNameFlag	0	static
../Application/User/TetrisEngine.c:347:6:isNameComplete	0	static
