../Application/User/TetrisEngine.c:141:13:shuffleBag	24	static
../Application/User/TetrisEngine.c:123:5:TetrisEngine_GetCurrentTetrominoIdx	0	static
../Application/User/TetrisEngine.c:126:5:TetrisEngine_GetCurrentRotation	0	static
../Application/User/TetrisEngine.c:129:5:TetrisEngine_GetCurrentX	0	static
../Application/User/TetrisEngine.c:132:5:TetrisEngine_GetCurrentY	0	static
../Application/User/TetrisEngine.c:136:10:TetrisEngine_GetScore	0	static
../Application/User/TetrisEngine.c:137:6:TetrisEngine_IsGameOver	0	static
../Application/User/TetrisEngine.c:138:6:TetrisEngine_IsGameOngoing	0	static
../Application/User/TetrisEngine.c:139:5:TetrisEngine_GetNextIndex	0	static
../Application/User/TetrisEngine.c:189:5:rotate	0	static
../Application/User/TetrisEngine.c:175:13:validPos	48	static
../Application/User/TetrisEngine.c:162:13:newTetromino	16	static
../Application/User/TetrisEngine.c:43:6:TetrisEngine_Init	8	static
../Application/User/TetrisEngine.c:66:6:TetrisEngine_OnButtonPress	16	static
../Application/User/TetrisEngine.c:56:6:TetrisEngine_Update	48	static
../Application/User/TetrisEngine.c:93:17:TetrisEngine_GetArena	48	static
../Application/User/TetrisEngine.c:243:5:TetrisEngine_GetLevel	0	static
../Application/User/TetrisEngine.c:249:10:TetrisEngine_GetDropDelay	8	static
../Application/User/TetrisEngine.c:266:6:TetrisEngine_SaveState	0	static
../Application/User/TetrisEngine.c:267:6:TetrisEngine_LoadState	0	static
../Application/User/TetrisEngine.c:268:6:TetrisEngine_HasValidSave	0	static
../Application/User/TetrisEngine.c:271:6:EnterName_Init	0	static
../Application/User/TetrisEngine.c:278:6:isNameComplete	0	static
../Application/User/TetrisEngine.c:285:6:EnterName_HandleButton	0	static
