../Application/User/TetrisEngine.c:148:13:shuffleBag	24	static
../Application/User/TetrisEngine.c:130:5:TetrisEngine_GetCurrentTetrominoIdx	0	static
../Application/User/TetrisEngine.c:133:5:TetrisEngine_GetCurrentRotation	0	static
../Application/User/TetrisEngine.c:136:5:TetrisEngine_GetCurrentX	0	static
../Application/User/TetrisEngine.c:139:5:TetrisEngine_GetCurrentY	0	static
../Application/User/TetrisEngine.c:143:10:TetrisEngine_GetScore	0	static
../Application/User/TetrisEngine.c:144:6:TetrisEngine_IsGameOver	0	static
../Application/User/TetrisEngine.c:145:6:TetrisEngine_IsGameOngoing	0	static
../Application/User/TetrisEngine.c:146:5:TetrisEngine_GetNextIndex	0	static
../Application/User/TetrisEngine.c:196:5:rotate	0	static
../Application/User/TetrisEngine.c:182:13:validPos	48	static
../Application/User/TetrisEngine.c:169:13:newTetromino	16	static
../Application/User/TetrisEngine.c:46:6:TetrisEngine_Init	8	static
../Application/User/TetrisEngine.c:69:6:TetrisEngine_OnButtonPress	16	static
../Application/User/TetrisEngine.c:59:6:TetrisEngine_Update	48	static
../Application/User/TetrisEngine.c:100:17:TetrisEngine_GetArena	48	static
../Application/User/TetrisEngine.c:250:10:TetrisEngine_GetLevel	0	static
../Application/User/TetrisEngine.c:259:10:TetrisEngine_GetDropDelay	8	static
../Application/User/TetrisEngine.c:276:6:TetrisEngine_SaveState	8	static
../Application/User/TetrisEngine.c:310:6:TetrisEngine_HasValidSave	8	static
../Application/User/TetrisEngine.c:297:6:TetrisEngine_LoadState	8	static
../Application/User/TetrisEngine.c:324:6:EnterName_Init	0	static
../Application/User/TetrisEngine.c:331:6:isNameComplete	0	static
../Application/User/TetrisEngine.c:338:6:EnterName_HandleButton	0	static
