../Application/User/TetrisEngine.c:166:13:shuffleBag	24	static
../Application/User/TetrisEngine.c:135:8:TetrisEngine_GetCurrentTetrominoIdx	0	static
../Application/User/TetrisEngine.c:138:8:TetrisEngine_GetCurrentRotation	0	static
../Application/User/TetrisEngine.c:141:8:TetrisEngine_GetCurrentX	0	static
../Application/User/TetrisEngine.c:144:8:TetrisEngine_GetCurrentY	0	static
../Application/User/TetrisEngine.c:148:10:TetrisEngine_GetScore	0	static
../Application/User/TetrisEngine.c:152:6:TetrisEngine_IsGameOver	0	static
../Application/User/TetrisEngine.c:156:6:TetrisEngine_IsGameOngoing	0	static
../Application/User/TetrisEngine.c:160:8:TetrisEngine_GetNextIndex	0	static
../Application/User/TetrisEngine.c:214:5:rotate	0	static
../Application/User/TetrisEngine.c:200:13:validPos	48	static
../Application/User/TetrisEngine.c:187:13:newTetromino	16	static
../Application/User/TetrisEngine.c:50:6:TetrisEngine_Init	8	static
../Application/User/TetrisEngine.c:73:6:TetrisEngine_OnButtonPress	16	static
../Application/User/TetrisEngine.c:63:6:TetrisEngine_Update	40	static
../Application/User/TetrisEngine.c:105:17:TetrisEngine_GetArena	48	static
../Application/User/TetrisEngine.c:270:10:TetrisEngine_GetLevel	0	static
../Application/User/TetrisEngine.c:279:10:TetrisEngine_GetDropDelay	8	static
../Application/User/TetrisEngine.c:296:6:TetrisEngine_SaveState	8	static
../Application/User/TetrisEngine.c:331:6:TetrisEngine_SetShouldLoad	0	static
../Application/User/TetrisEngine.c:335:6:TetrisEngine_HasValidSave	8	static
../Application/User/TetrisEngine.c:317:6:TetrisEngine_LoadState	8	static
../Application/User/TetrisEngine.c:349:6:EnterName_SetNameFlag	0	static
../Application/User/TetrisEngine.c:353:6:EnterName_Init	0	static
../Application/User/TetrisEngine.c:360:6:EnterName_GetNameFlag	0	static
../Application/User/TetrisEngine.c:364:6:isNameComplete	0	static
