../Application/User/TetrisEngine.c:129:13:shuffleBag	16	static
../Application/User/TetrisEngine.c:111:5:TetrisEngine_GetCurrentTetrominoIdx	0	static
../Application/User/TetrisEngine.c:114:5:TetrisEngine_GetCurrentRotation	0	static
../Application/User/TetrisEngine.c:117:5:TetrisEngine_GetCurrentX	0	static
../Application/User/TetrisEngine.c:120:5:TetrisEngine_GetCurrentY	0	static
../Application/User/TetrisEngine.c:124:10:TetrisEngine_GetScore	0	static
../Application/User/TetrisEngine.c:125:6:TetrisEngine_IsGameOver	0	static
../Application/User/TetrisEngine.c:126:6:TetrisEngine_IsGameOngoing	0	static
../Application/User/TetrisEngine.c:127:5:TetrisEngine_GetNextIndex	0	static
../Application/User/TetrisEngine.c:167:5:rotate	0	static
../Application/User/TetrisEngine.c:153:13:validPos	48	static
../Application/User/TetrisEngine.c:140:13:newTetromino	16	static
../Application/User/TetrisEngine.c:43:6:TetrisEngine_Init	8	static
../Application/User/TetrisEngine.c:66:6:TetrisEngine_OnButtonPress	16	static
../Application/User/TetrisEngine.c:56:6:TetrisEngine_Update	48	static
../Application/User/TetrisEngine.c:92:17:TetrisEngine_GetArena	48	static
../Application/User/TetrisEngine.c:218:5:TetrisEngine_GetLevel	0	static
../Application/User/TetrisEngine.c:224:10:TetrisEngine_GetDropDelay	8	static
../Application/User/TetrisEngine.c:241:6:TetrisEngine_SaveState	0	static
../Application/User/TetrisEngine.c:242:6:TetrisEngine_LoadState	0	static
../Application/User/TetrisEngine.c:243:6:TetrisEngine_HasValidSave	0	static
../Application/User/TetrisEngine.c:246:6:EnterName_Init	0	static
../Application/User/TetrisEngine.c:253:6:isNameComplete	0	static
../Application/User/TetrisEngine.c:260:6:EnterName_HandleButton	0	static
