../../Middlewares/ST/touchgfx/framework/include/touchgfx/Drawable.hpp:315:18:virtual void touchgfx::Drawable::setX(int16_t)	0	static
../../Middlewares/ST/touchgfx/framework/include/touchgfx/Drawable.hpp:327:18:virtual void touchgfx::Drawable::setY(int16_t)	0	static
../../Middlewares/ST/touchgfx/framework/include/touchgfx/Drawable.hpp:356:18:virtual void touchgfx::Drawable::setWidth(int16_t)	0	static
../../Middlewares/ST/touchgfx/framework/include/touchgfx/Drawable.hpp:368:18:virtual void touchgfx::Drawable::setHeight(int16_t)	0	static
../../Middlewares/ST/touchgfx/framework/include/touchgfx/Drawable.hpp:378:18:virtual void touchgfx::Drawable::childGeometryChanged()	0	static
../../Middlewares/ST/touchgfx/framework/include/touchgfx/Drawable.hpp:389:18:virtual void touchgfx::Drawable::handleClickEvent(const touchgfx::ClickEvent&)	0	static
../../Middlewares/ST/touchgfx/framework/include/touchgfx/Drawable.hpp:401:18:virtual void touchgfx::Drawable::handleGestureEvent(const touchgfx::GestureEvent&)	0	static
../../Middlewares/ST/touchgfx/framework/include/touchgfx/Drawable.hpp:490:18:virtual void touchgfx::Drawable::handleDragEvent(const touchgfx::DragEvent&)	0	static
../../Middlewares/ST/touchgfx/framework/include/touchgfx/Drawable.hpp:501:18:virtual void touchgfx::Drawable::handleTickEvent()	0	static
../../Middlewares/ST/touchgfx/framework/include/touchgfx/Drawable.hpp:588:18:virtual void touchgfx::Drawable::moveTo(int16_t, int16_t)	4	static
../../Middlewares/ST/touchgfx/framework/include/touchgfx/containers/Container.hpp:165:23:virtual touchgfx::Drawable* touchgfx::Container::getFirstChild()	0	static
../../Middlewares/ST/touchgfx/framework/include/touchgfx/Callback.hpp:459:18:bool touchgfx::Callback<dest_type, void, void, void>::isValid() const [with dest_type = GameScreenView]	0	static
../../Middlewares/ST/touchgfx/framework/include/touchgfx/Callback.hpp:449:18:void touchgfx::Callback<dest_type, void, void, void>::execute() [with dest_type = GameScreenView]	4	static
F:/Documents/TouchGFXProject/Tetris/TouchGFX/gui/src/containers/GameOverScreen.cpp:49:6:virtual void GameOverScreen::buttonRestartClicked()	8	static
../../Middlewares/ST/touchgfx/framework/include/touchgfx/Callback.hpp:424:8:touchgfx::Callback<GameScreenView>::~Callback()	0	static
../../Middlewares/ST/touchgfx/framework/include/touchgfx/Callback.hpp:424:8:virtual touchgfx::Callback<GameScreenView>::~Callback()	8	static
../../TouchGFX/gui/include/gui/containers/GameOverScreen.hpp:12:13:GameOverScreen::~GameOverScreen()	8	static
../../TouchGFX/gui/include/gui/containers/GameOverScreen.hpp:12:13:virtual GameOverScreen::~GameOverScreen()	8	static
../../Middlewares/ST/touchgfx/framework/include/touchgfx/Drawable.hpp:121:18:virtual void touchgfx::Drawable::invalidateContent() const	0	static
F:/Documents/TouchGFXProject/Tetris/TouchGFX/gui/src/containers/GameOverScreen.cpp:3:1:GameOverScreen::GameOverScreen()	8	static
F:/Documents/TouchGFXProject/Tetris/TouchGFX/gui/src/containers/GameOverScreen.cpp:13:6:void GameOverScreen::setScore(int)	16	static
F:/Documents/TouchGFXProject/Tetris/TouchGFX/gui/src/containers/GameOverScreen.cpp:21:6:void GameOverScreen::showEnterNameOverlay()	0	static
F:/Documents/TouchGFXProject/Tetris/TouchGFX/gui/src/containers/GameOverScreen.cpp:26:6:void GameOverScreen::destroyEnterNameOverlay()	0	static
F:/Documents/TouchGFXProject/Tetris/TouchGFX/gui/src/containers/GameOverScreen.cpp:37:6:void GameOverScreen::showNewHighScoreText()	0	static
F:/Documents/TouchGFXProject/Tetris/TouchGFX/gui/src/containers/GameOverScreen.cpp:42:6:void GameOverScreen::updateNameChar(uint8_t, char)	16	static
F:/Documents/TouchGFXProject/Tetris/TouchGFX/gui/src/containers/GameOverScreen.cpp:8:6:virtual void GameOverScreen::initialize()	0	static
