../../Middlewares/ST/touchgfx/framework/include/touchgfx/Screen.hpp:104:18:virtual void touchgfx::Screen::afterTransition()	0	static
../../Middlewares/ST/touchgfx/framework/include/touchgfx/Screen.hpp:144:18:virtual void touchgfx::Screen::handleTickEvent()	0	static
../../Middlewares/ST/touchgfx/framework/include/touchgfx/Screen.hpp:154:18:virtual void touchgfx::Screen::handleKeyEvent(uint8_t)	0	static
F:/Documents/TouchGFXProject/Tetris/TouchGFX/gui/src/howtoplayscreen_screen/HowToPlayScreenView.cpp:13:6:virtual void HowToPlayScreenView::tearDownScreen()	0	static
../../TouchGFX/gui/include/gui/howtoplayscreen_screen/HowToPlayScreenView.hpp:11:13:HowToPlayScreenView::~HowToPlayScreenView()	8	static
../../TouchGFX/gui/include/gui/howtoplayscreen_screen/HowToPlayScreenView.hpp:11:13:virtual HowToPlayScreenView::~HowToPlayScreenView()	8	static
F:/Documents/TouchGFXProject/Tetris/TouchGFX/gui/src/howtoplayscreen_screen/HowToPlayScreenView.cpp:3:1:HowToPlayScreenView::HowToPlayScreenView()	8	static
F:/Documents/TouchGFXProject/Tetris/TouchGFX/gui/src/howtoplayscreen_screen/HowToPlayScreenView.cpp:8:6:virtual void HowToPlayScreenView::setupScreen()	0	static
