../../TouchGFX/gui/include/gui/leaderboardscreen_screen/LeaderboardScreenPresenter.hpp:28:13:LeaderboardScreenPresenter::~LeaderboardScreenPresenter()	0	static
F:/Documents/TouchGFXProject/Tetris/TouchGFX/gui/src/leaderboardscreen_screen/LeaderboardScreenPresenter.cpp:10:6:virtual void LeaderboardScreenPresenter::activate()	0	static
../../TouchGFX/gui/include/gui/leaderboardscreen_screen/LeaderboardScreenPresenter.hpp:28:13:virtual LeaderboardScreenPresenter::~LeaderboardScreenPresenter()	8	static
../../TouchGFX/gui/include/gui/leaderboardscreen_screen/LeaderboardScreenPresenter.hpp:28:13:virtual void* LeaderboardScreenPresenter::_ZThn4_N26LeaderboardScreenPresenterD1Ev()	0	static
F:/Documents/TouchGFXProject/Tetris/TouchGFX/gui/src/leaderboardscreen_screen/LeaderboardScreenPresenter.cpp:4:1:LeaderboardScreenPresenter::LeaderboardScreenPresenter(LeaderboardScreenView&)	0	static
